<html>
  <head>
    <link rel="stylesheet" href="https://fonts.googleapis.com/css?family=Open+Sans:400,400italic,700">
    <link rel="icon" href="//cdn.example.com/stuff/favicon.ico">
    <link rel="apple-touch-icon" href="//cdn.example.com/stuff/apple-touch-icon.png">
    <link rel="stylesheet" href="//cdn.example.com/stuff/css/custom-rewriter.css">
  </head>

  <body>
  </body>
</html>
