<html>
  <head>
    <link rel="stylesheet" href="https://fonts.googleapis.com/css?family=Open+Sans:400,400italic,700">
    <link rel="icon" href="//cdn.example.com/favicon.ico">
    <link rel="apple-touch-icon" href="//cdn.example.com/apple-touch-icon.png">
    <style>
      body {
        background-image: url('//cdn.example.com/stuff/foo.jpg');
        background-image: url('//cdn.example.com/foo.jpg');
        background-image: url('//cdn.example.com/foo.jpg');
        background-image: url('//cdn.example.com/stuff/foo/bar.jpg');
      }
    </style>
  </head>

  <body>
    <h1>Hello</h1>
    <img something src="bar.jpg" data-hiya data-food="crimson">
    <img something data-src="bar.jpg" src="foo.jpg" data-hiya data-food="crimson">

    <img src=foo/lala.png foo=bar />
    <img truffles=//cdn.example.com/stuff/abc.jpg>
    <img ng-src=//cdn.example.com/stuff/foo/lala.png/>

    <img src="blah.png" something=blah  > :)

    <div style="background-image:url('//cdn.example.com/images/homePage/fe18b3f3f137.1.png')"></div>

    <script src="//cdn.example.com/stuff/hello.js"></script>
  </body>
</html>
